// Jest Snapshot v1, https://goo.gl/fbAQLP

exports[`Pruebas de <GifItem.jsx /> debe de hacer match con el snapshot 1`] = `
<div>
  <div
    class="card"
  >
    <img
      alt="Naruto"
      src="https://localhost/algo.jpg"
    />
    <p>
      Naruto
    </p>
  </div>
</div>
`;
